<?xml version="1.0" encoding="UTF-8"?>
<testsuites name="jest tests" tests="1" failures="0" errors="0" time="5.444">
  <testsuite name="undefined" errors="0" failures="0" skipped="0" timestamp="2023-11-10T14:27:53" time="5.076" tests="1">
    <testcase classname=" test arr" name=" test arr" time="0.007">
    </testcase>
  </testsuite>
</testsuites>